// Jest Snapshot v1, https://goo.gl/fbAQLP

exports[`<Main> should render 1`] = `
<div>
  <h1>
    Hello from React!!!
  </h1>
  <div>
    Mock HelloBoxComponent
  </div>
  <br />
  <div>
    Mock HelloBoxComponent
  </div>
</div>
`;
